[slurm] host=nid005095 job=19074045 task=7
[worker] array task 7 handles manifest indices: 7 43 79 115
[worker] === manifest index 7 ===
[worker] === manifest index 43 ===
┏━━━┳━━━━━━━━━━━━━━━━━┳━━━━━━━━━━━━━━━━━━━━┳━━━━━━━━┳━━━━━━━┳━━━━━━━┓
┃   ┃ Name            ┃ Type               ┃ Params ┃ Mode  ┃ FLOPs ┃
┡━━━╇━━━━━━━━━━━━━━━━━╇━━━━━━━━━━━━━━━━━━━━╇━━━━━━━━╇━━━━━━━╇━━━━━━━┩
│ 0 │ message_passing │ BondMessagePassing │  227 K │ train │     0 │
│ 1 │ agg             │ MeanAggregation    │      0 │ train │     0 │
│ 2 │ bn              │ BatchNorm1d        │    600 │ train │     0 │
│ 3 │ predictor       │ RegressionFFN      │  183 K │ train │     0 │
│ 4 │ X_d_transform   │ Identity           │      0 │ train │     0 │
│ 5 │ metrics         │ ModuleList         │      0 │ train │     0 │
└───┴─────────────────┴────────────────────┴────────┴───────┴───────┘
Trainable params: 411 K                                                         
Non-trainable params: 0                                                         
Total params: 411 K                                                             
Total estimated model params size (MB): 1                                       
Modules in train mode: 26                                                       
Modules in eval mode: 0                                                         
Total FLOPs: 0                                                                  
[worker] === manifest index 79 ===
┏━━━┳━━━━━━━━━━━━━━━━━┳━━━━━━━━━━━━━━━━━━━━┳━━━━━━━━┳━━━━━━━┳━━━━━━━┓
┃   ┃ Name            ┃ Type               ┃ Params ┃ Mode  ┃ FLOPs ┃
┡━━━╇━━━━━━━━━━━━━━━━━╇━━━━━━━━━━━━━━━━━━━━╇━━━━━━━━╇━━━━━━━╇━━━━━━━┩
│ 0 │ message_passing │ BondMessagePassing │  227 K │ train │     0 │
│ 1 │ agg             │ MeanAggregation    │      0 │ train │     0 │
│ 2 │ bn              │ BatchNorm1d        │    600 │ train │     0 │
│ 3 │ predictor       │ RegressionFFN      │  181 K │ train │     0 │
│ 4 │ X_d_transform   │ Identity           │      0 │ train │     0 │
│ 5 │ metrics         │ ModuleList         │      0 │ train │     0 │
└───┴─────────────────┴────────────────────┴────────┴───────┴───────┘
Trainable params: 409 K                                                         
Non-trainable params: 0                                                         
Total params: 409 K                                                             
Total estimated model params size (MB): 1                                       
Modules in train mode: 26                                                       
Modules in eval mode: 0                                                         
Total FLOPs: 0                                                                  
[worker] === manifest index 115 ===
┏━━━┳━━━━━━━━━━━━━━━━━┳━━━━━━━━━━━━━━━━━━━━┳━━━━━━━━┳━━━━━━━┳━━━━━━━┓
┃   ┃ Name            ┃ Type               ┃ Params ┃ Mode  ┃ FLOPs ┃
┡━━━╇━━━━━━━━━━━━━━━━━╇━━━━━━━━━━━━━━━━━━━━╇━━━━━━━━╇━━━━━━━╇━━━━━━━┩
│ 0 │ message_passing │ BondMessagePassing │  227 K │ train │     0 │
│ 1 │ agg             │ MeanAggregation    │      0 │ train │     0 │
│ 2 │ bn              │ BatchNorm1d        │    600 │ train │     0 │
│ 3 │ predictor       │ RegressionFFN      │  183 K │ train │     0 │
│ 4 │ X_d_transform   │ Identity           │      0 │ train │     0 │
│ 5 │ metrics         │ ModuleList         │      0 │ train │     0 │
└───┴─────────────────┴────────────────────┴────────┴───────┴───────┘
Trainable params: 411 K                                                         
Non-trainable params: 0                                                         
Total params: 411 K                                                             
Total estimated model params size (MB): 1                                       
Modules in train mode: 26                                                       
Modules in eval mode: 0                                                         
Total FLOPs: 0                                                                  
