[slurm] host=nid005033 job=19067095 task=111
[worker] array task 111 handles manifest indices: 111
[worker] === manifest index 111 ===
┏━━━┳━━━━━━━━━━━━━━━━━┳━━━━━━━━━━━━━━━━━━━━┳━━━━━━━━┳━━━━━━━┳━━━━━━━┓
┃   ┃ Name            ┃ Type               ┃ Params ┃ Mode  ┃ FLOPs ┃
┡━━━╇━━━━━━━━━━━━━━━━━╇━━━━━━━━━━━━━━━━━━━━╇━━━━━━━━╇━━━━━━━╇━━━━━━━┩
│ 0 │ message_passing │ BondMessagePassing │  227 K │ train │     0 │
│ 1 │ agg             │ MeanAggregation    │      0 │ train │     0 │
│ 2 │ bn              │ BatchNorm1d        │    600 │ train │     0 │
│ 3 │ predictor       │ RegressionFFN      │  183 K │ train │     0 │
│ 4 │ X_d_transform   │ Identity           │      0 │ train │     0 │
│ 5 │ metrics         │ ModuleList         │      0 │ train │     0 │
└───┴─────────────────┴────────────────────┴────────┴───────┴───────┘
Trainable params: 411 K                                                         
Non-trainable params: 0                                                         
Total params: 411 K                                                             
Total estimated model params size (MB): 1                                       
Modules in train mode: 26                                                       
Modules in eval mode: 0                                                         
Total FLOPs: 0                                                                  
