The following modules were not unloaded:
  (Use "module --force purge" to unload all):

  1) ModuleLabel/label   2) lumi-tools/26.05   3) init-lumi/0.2

The following sticky modules could not be reloaded:

  1) lumi-tools
2026-06-07 18:32:07,747 INFO experiment.runner | [MBPB__both__25__s4] starting on host=nid005050 pid=73341
2026-06-07 18:32:11,035 INFO data.expansionrx | ExpansionRx loaded: train=5326, test=2282
2026-06-07 18:32:13,940 INFO data.harmonize | source=biogen/adme-fang-v1
match_quality=species-transfer
calibration: n_overlap=0, slope=None, intercept=None, r2=None, aligned=False
merge_strategy=aux_head
map_notes=human hPPB proxy for mouse MBPB; no mouse PPB in source, may be biased
2026-06-07 18:32:13,950 INFO agents.ml_agent | pretrain: MBPB/both on 5520 aux rows over tasks=['MBPB__t', 'LogD__t', 'KSOL__t', 'HLM CLint__t', 'MLM CLint__t', 'Caco-2 Permeability Papp A>B__t', 'Caco-2 Permeability Efflux__t', 'MPPB__t', 'MGMB__t', 'MBPB [biogen/adme-fang-v1]__t'] (aux=['LogD__t', 'KSOL__t', 'HLM CLint__t', 'MLM CLint__t', 'Caco-2 Permeability Papp A>B__t', 'Caco-2 Permeability Efflux__t', 'MPPB__t', 'MGMB__t', 'MBPB [biogen/adme-fang-v1]__t']) -> /pfs/lustrep1/scratch/project_462001520/Team3/Team3/further-improvements/results-fewshot/fe/pretrain_ckpts/MBPB__both__25__s4.ckpt
INFO: [rank: 0] Seed set to 4
2026-06-07 18:32:25,330 INFO lightning.fabric.utilities.seed | [rank: 0] Seed set to 4
INFO: GPU available: True (cuda), used: True
2026-06-07 18:32:25,449 INFO lightning.pytorch.utilities.rank_zero | GPU available: True (cuda), used: True
INFO: TPU available: False, using: 0 TPU cores
2026-06-07 18:32:25,449 INFO lightning.pytorch.utilities.rank_zero | TPU available: False, using: 0 TPU cores
INFO: 💡 Tip: For seamless cloud logging and experiment tracking, try installing [litlogger](https://pypi.org/project/litlogger/) to enable LitLogger, which logs metrics and artifacts automatically to the Lightning Experiments platform.
2026-06-07 18:32:25,449 INFO lightning.pytorch.utilities.rank_zero | 💡 Tip: For seamless cloud logging and experiment tracking, try installing [litlogger](https://pypi.org/project/litlogger/) to enable LitLogger, which logs metrics and artifacts automatically to the Lightning Experiments platform.
INFO: You are using a CUDA device ('AMD Instinct MI250X') that has Tensor Cores. To properly utilize them, you should set `torch.set_float32_matmul_precision('medium' | 'high')` which will trade-off precision for performance. For more details, read https://pytorch.org/docs/stable/generated/torch.set_float32_matmul_precision.html#torch.set_float32_matmul_precision
2026-06-07 18:32:25,571 INFO lightning.pytorch.utilities.rank_zero | You are using a CUDA device ('AMD Instinct MI250X') that has Tensor Cores. To properly utilize them, you should set `torch.set_float32_matmul_precision('medium' | 'high')` which will trade-off precision for performance. For more details, read https://pytorch.org/docs/stable/generated/torch.set_float32_matmul_precision.html#torch.set_float32_matmul_precision
INFO: LOCAL_RANK: 0 - CUDA_VISIBLE_DEVICES: [0]
2026-06-07 18:32:25,571 INFO lightning.pytorch.accelerators.cuda | LOCAL_RANK: 0 - CUDA_VISIBLE_DEVICES: [0]
INFO: Loading `train_dataloader` to estimate number of stepping batches.
2026-06-07 18:32:26,075 INFO lightning.pytorch.utilities.rank_zero | Loading `train_dataloader` to estimate number of stepping batches.
/opt/venv/lib/python3.12/site-packages/lightning/pytorch/utilities/_pytree.py:21: `isinstance(treespec, LeafSpec)` is deprecated, use `isinstance(treespec, TreeSpec) and treespec.is_leaf()` instead.
/opt/venv/lib/python3.12/site-packages/lightning/pytorch/trainer/connectors/data_connector.py:434: The 'train_dataloader' does not have many workers which may be a bottleneck. Consider increasing the value of the `num_workers` argument` to `num_workers=6` in the `DataLoader` to improve performance.
/opt/venv/lib/python3.12/site-packages/lightning/pytorch/trainer/connectors/data_connector.py:434: The 'val_dataloader' does not have many workers which may be a bottleneck. Consider increasing the value of the `num_workers` argument` to `num_workers=6` in the `DataLoader` to improve performance.
INFO: `Trainer.fit` stopped: `max_epochs=50` reached.
2026-06-07 18:35:33,978 INFO lightning.pytorch.utilities.rank_zero | `Trainer.fit` stopped: `max_epochs=50` reached.
INFO: `weights_only` was not set, defaulting to `False`.
2026-06-07 18:35:34,000 INFO lightning.pytorch.trainer.connectors.checkpoint_connector | `weights_only` was not set, defaulting to `False`.
INFO: LOCAL_RANK: 0 - CUDA_VISIBLE_DEVICES: [0]
2026-06-07 18:35:34,023 INFO lightning.pytorch.accelerators.cuda | LOCAL_RANK: 0 - CUDA_VISIBLE_DEVICES: [0]
/opt/venv/lib/python3.12/site-packages/lightning/pytorch/trainer/connectors/data_connector.py:434: The 'predict_dataloader' does not have many workers which may be a bottleneck. Consider increasing the value of the `num_workers` argument` to `num_workers=6` in the `DataLoader` to improve performance.
2026-06-07 18:35:40,831 INFO experiment.runner | [MBPB__both__25__s4] done in 213.1s, RAE=0.1459
2026-06-07 18:35:43,260 INFO experiment.runner | [MPPB__external__100__s0] starting on host=nid005050 pid=84176
2026-06-07 18:35:46,202 INFO data.expansionrx | ExpansionRx loaded: train=5326, test=2282
2026-06-07 18:35:49,092 INFO data.harmonize | source=biogen/adme-fang-v1
match_quality=species-transfer
calibration: n_overlap=0, slope=None, intercept=None, r2=None, aligned=False
merge_strategy=aux_head
map_notes=human hPPB -> mouse MPPB
2026-06-07 18:35:49,101 INFO agents.ml_agent | pretrain: MPPB/external on 194 aux rows over tasks=['MPPB__t', 'MPPB [biogen/adme-fang-v1]__t'] (aux=['MPPB [biogen/adme-fang-v1]__t']) -> /pfs/lustrep1/scratch/project_462001520/Team3/Team3/further-improvements/results-fewshot/fe/pretrain_ckpts/MPPB__external__100__s0.ckpt
/opt/venv/lib/python3.12/site-packages/sklearn/utils/extmath.py:1207: RuntimeWarning: invalid value encountered in divide
  updated_mean = (last_sum + new_sum) / updated_sample_count
/opt/venv/lib/python3.12/site-packages/sklearn/utils/extmath.py:1212: RuntimeWarning: invalid value encountered in divide
  T = new_sum / new_sample_count
/opt/venv/lib/python3.12/site-packages/sklearn/utils/extmath.py:1236: RuntimeWarning: invalid value encountered in divide
  new_unnormalized_variance -= correction**2 / new_sample_count
INFO: [rank: 0] Seed set to 0
2026-06-07 18:35:54,630 INFO lightning.fabric.utilities.seed | [rank: 0] Seed set to 0
INFO: GPU available: True (cuda), used: True
2026-06-07 18:35:54,742 INFO lightning.pytorch.utilities.rank_zero | GPU available: True (cuda), used: True
INFO: TPU available: False, using: 0 TPU cores
2026-06-07 18:35:54,742 INFO lightning.pytorch.utilities.rank_zero | TPU available: False, using: 0 TPU cores
INFO: 💡 Tip: For seamless cloud logging and experiment tracking, try installing [litlogger](https://pypi.org/project/litlogger/) to enable LitLogger, which logs metrics and artifacts automatically to the Lightning Experiments platform.
2026-06-07 18:35:54,742 INFO lightning.pytorch.utilities.rank_zero | 💡 Tip: For seamless cloud logging and experiment tracking, try installing [litlogger](https://pypi.org/project/litlogger/) to enable LitLogger, which logs metrics and artifacts automatically to the Lightning Experiments platform.
INFO: You are using a CUDA device ('AMD Instinct MI250X') that has Tensor Cores. To properly utilize them, you should set `torch.set_float32_matmul_precision('medium' | 'high')` which will trade-off precision for performance. For more details, read https://pytorch.org/docs/stable/generated/torch.set_float32_matmul_precision.html#torch.set_float32_matmul_precision
2026-06-07 18:35:54,837 INFO lightning.pytorch.utilities.rank_zero | You are using a CUDA device ('AMD Instinct MI250X') that has Tensor Cores. To properly utilize them, you should set `torch.set_float32_matmul_precision('medium' | 'high')` which will trade-off precision for performance. For more details, read https://pytorch.org/docs/stable/generated/torch.set_float32_matmul_precision.html#torch.set_float32_matmul_precision
INFO: LOCAL_RANK: 0 - CUDA_VISIBLE_DEVICES: [0]
2026-06-07 18:35:54,838 INFO lightning.pytorch.accelerators.cuda | LOCAL_RANK: 0 - CUDA_VISIBLE_DEVICES: [0]
INFO: Loading `train_dataloader` to estimate number of stepping batches.
2026-06-07 18:35:54,996 INFO lightning.pytorch.utilities.rank_zero | Loading `train_dataloader` to estimate number of stepping batches.
/opt/venv/lib/python3.12/site-packages/lightning/pytorch/utilities/_pytree.py:21: `isinstance(treespec, LeafSpec)` is deprecated, use `isinstance(treespec, TreeSpec) and treespec.is_leaf()` instead.
/opt/venv/lib/python3.12/site-packages/lightning/pytorch/trainer/connectors/data_connector.py:434: The 'train_dataloader' does not have many workers which may be a bottleneck. Consider increasing the value of the `num_workers` argument` to `num_workers=6` in the `DataLoader` to improve performance.
/opt/venv/lib/python3.12/site-packages/lightning/pytorch/trainer/connectors/data_connector.py:434: The 'val_dataloader' does not have many workers which may be a bottleneck. Consider increasing the value of the `num_workers` argument` to `num_workers=6` in the `DataLoader` to improve performance.
INFO: `Trainer.fit` stopped: `max_epochs=50` reached.
2026-06-07 18:36:04,418 INFO lightning.pytorch.utilities.rank_zero | `Trainer.fit` stopped: `max_epochs=50` reached.
INFO: `weights_only` was not set, defaulting to `False`.
2026-06-07 18:36:04,439 INFO lightning.pytorch.trainer.connectors.checkpoint_connector | `weights_only` was not set, defaulting to `False`.
INFO: LOCAL_RANK: 0 - CUDA_VISIBLE_DEVICES: [0]
2026-06-07 18:36:04,461 INFO lightning.pytorch.accelerators.cuda | LOCAL_RANK: 0 - CUDA_VISIBLE_DEVICES: [0]
/opt/venv/lib/python3.12/site-packages/lightning/pytorch/trainer/connectors/data_connector.py:434: The 'predict_dataloader' does not have many workers which may be a bottleneck. Consider increasing the value of the `num_workers` argument` to `num_workers=6` in the `DataLoader` to improve performance.
2026-06-07 18:36:11,545 INFO experiment.runner | [MPPB__external__100__s0] done in 28.3s, RAE=0.1949
2026-06-07 18:36:13,969 INFO experiment.runner | [KSOL__external__25__s1] starting on host=nid005050 pid=84608
2026-06-07 18:36:16,999 INFO data.expansionrx | ExpansionRx loaded: train=5326, test=2282
[18:36:18] Can't kekulize mol.  Unkekulized atoms: 10 22
[18:36:19] Can't kekulize mol.  Unkekulized atoms: 8 19
[18:36:20] Can't kekulize mol.  Unkekulized atoms: 9 19
2026-06-07 18:36:23,683 INFO data.harmonize | source=biogen/adme-fang-v1
match_quality=protocol-caveat
calibration: n_overlap=0, slope=None, intercept=None, r2=None, aligned=False
merge_strategy=aux_head
map_notes=needs ug/mL -> uM via MW; protocol differs
2026-06-07 18:36:23,693 INFO agents.ml_agent | pretrain: KSOL/external on 2172 aux rows over tasks=['KSOL__t', 'KSOL [biogen/adme-fang-v1]__t'] (aux=['KSOL [biogen/adme-fang-v1]__t']) -> /pfs/lustrep1/scratch/project_462001520/Team3/Team3/further-improvements/results-fewshot/fe/pretrain_ckpts/KSOL__external__25__s1.ckpt
/opt/venv/lib/python3.12/site-packages/sklearn/utils/extmath.py:1207: RuntimeWarning: invalid value encountered in divide
  updated_mean = (last_sum + new_sum) / updated_sample_count
/opt/venv/lib/python3.12/site-packages/sklearn/utils/extmath.py:1212: RuntimeWarning: invalid value encountered in divide
  T = new_sum / new_sample_count
/opt/venv/lib/python3.12/site-packages/sklearn/utils/extmath.py:1236: RuntimeWarning: invalid value encountered in divide
  new_unnormalized_variance -= correction**2 / new_sample_count
INFO: [rank: 0] Seed set to 1
2026-06-07 18:36:29,409 INFO lightning.fabric.utilities.seed | [rank: 0] Seed set to 1
INFO: GPU available: True (cuda), used: True
2026-06-07 18:36:29,521 INFO lightning.pytorch.utilities.rank_zero | GPU available: True (cuda), used: True
INFO: TPU available: False, using: 0 TPU cores
2026-06-07 18:36:29,521 INFO lightning.pytorch.utilities.rank_zero | TPU available: False, using: 0 TPU cores
INFO: 💡 Tip: For seamless cloud logging and experiment tracking, try installing [litlogger](https://pypi.org/project/litlogger/) to enable LitLogger, which logs metrics and artifacts automatically to the Lightning Experiments platform.
2026-06-07 18:36:29,521 INFO lightning.pytorch.utilities.rank_zero | 💡 Tip: For seamless cloud logging and experiment tracking, try installing [litlogger](https://pypi.org/project/litlogger/) to enable LitLogger, which logs metrics and artifacts automatically to the Lightning Experiments platform.
INFO: You are using a CUDA device ('AMD Instinct MI250X') that has Tensor Cores. To properly utilize them, you should set `torch.set_float32_matmul_precision('medium' | 'high')` which will trade-off precision for performance. For more details, read https://pytorch.org/docs/stable/generated/torch.set_float32_matmul_precision.html#torch.set_float32_matmul_precision
2026-06-07 18:36:29,615 INFO lightning.pytorch.utilities.rank_zero | You are using a CUDA device ('AMD Instinct MI250X') that has Tensor Cores. To properly utilize them, you should set `torch.set_float32_matmul_precision('medium' | 'high')` which will trade-off precision for performance. For more details, read https://pytorch.org/docs/stable/generated/torch.set_float32_matmul_precision.html#torch.set_float32_matmul_precision
INFO: LOCAL_RANK: 0 - CUDA_VISIBLE_DEVICES: [0]
2026-06-07 18:36:29,615 INFO lightning.pytorch.accelerators.cuda | LOCAL_RANK: 0 - CUDA_VISIBLE_DEVICES: [0]
INFO: Loading `train_dataloader` to estimate number of stepping batches.
2026-06-07 18:36:29,774 INFO lightning.pytorch.utilities.rank_zero | Loading `train_dataloader` to estimate number of stepping batches.
/opt/venv/lib/python3.12/site-packages/lightning/pytorch/utilities/_pytree.py:21: `isinstance(treespec, LeafSpec)` is deprecated, use `isinstance(treespec, TreeSpec) and treespec.is_leaf()` instead.
/opt/venv/lib/python3.12/site-packages/lightning/pytorch/trainer/connectors/data_connector.py:434: The 'train_dataloader' does not have many workers which may be a bottleneck. Consider increasing the value of the `num_workers` argument` to `num_workers=6` in the `DataLoader` to improve performance.
/opt/venv/lib/python3.12/site-packages/lightning/pytorch/trainer/connectors/data_connector.py:434: The 'val_dataloader' does not have many workers which may be a bottleneck. Consider increasing the value of the `num_workers` argument` to `num_workers=6` in the `DataLoader` to improve performance.
INFO: `Trainer.fit` stopped: `max_epochs=50` reached.
2026-06-07 18:37:37,226 INFO lightning.pytorch.utilities.rank_zero | `Trainer.fit` stopped: `max_epochs=50` reached.
INFO: `weights_only` was not set, defaulting to `False`.
2026-06-07 18:37:37,247 INFO lightning.pytorch.trainer.connectors.checkpoint_connector | `weights_only` was not set, defaulting to `False`.
INFO: LOCAL_RANK: 0 - CUDA_VISIBLE_DEVICES: [0]
2026-06-07 18:37:37,269 INFO lightning.pytorch.accelerators.cuda | LOCAL_RANK: 0 - CUDA_VISIBLE_DEVICES: [0]
/opt/venv/lib/python3.12/site-packages/lightning/pytorch/trainer/connectors/data_connector.py:434: The 'predict_dataloader' does not have many workers which may be a bottleneck. Consider increasing the value of the `num_workers` argument` to `num_workers=6` in the `DataLoader` to improve performance.
2026-06-07 18:37:44,015 INFO experiment.runner | [KSOL__external__25__s1] done in 90.0s, RAE=0.7757
