[slurm] host=nid005039 job=19073274 task=12
[worker] array task 12 handles manifest indices: 12 52
[worker] === manifest index 12 ===
[worker] === manifest index 52 ===
┏━━━┳━━━━━━━━━━━━━━━━━┳━━━━━━━━━━━━━━━━━━━━┳━━━━━━━━┳━━━━━━━┳━━━━━━━┓
┃   ┃ Name            ┃ Type               ┃ Params ┃ Mode  ┃ FLOPs ┃
┡━━━╇━━━━━━━━━━━━━━━━━╇━━━━━━━━━━━━━━━━━━━━╇━━━━━━━━╇━━━━━━━╇━━━━━━━┩
│ 0 │ message_passing │ BondMessagePassing │  227 K │ train │     0 │
│ 1 │ agg             │ MeanAggregation    │      0 │ train │     0 │
│ 2 │ bn              │ BatchNorm1d        │    600 │ train │     0 │
│ 3 │ predictor       │ RegressionFFN      │  181 K │ train │     0 │
│ 4 │ X_d_transform   │ Identity           │      0 │ train │     0 │
│ 5 │ metrics         │ ModuleList         │      0 │ train │     0 │
└───┴─────────────────┴────────────────────┴────────┴───────┴───────┘
Trainable params: 409 K                                                         
Non-trainable params: 0                                                         
Total params: 409 K                                                             
Total estimated model params size (MB): 1                                       
Modules in train mode: 26                                                       
Modules in eval mode: 0                                                         
Total FLOPs: 0                                                                  
